# Generated by goldga. DO NOT EDIT.
[snapshots]
"metareport generates a markdown report correctly" = '''
(string) (len=171) "## Server Benchmark\n\n<details>\n  <summary>Details</summary>\n\n\n|  Name       | Value      |\n|-------------|------------|\n| `execution` | `5m` |\n| `seed` | `4` |\n</details>\n"
'''
