# Generated by goldga. DO NOT EDIT.
[snapshots]
"tablereport diff bigger than threshold should generate a report correctly" = '''
(string) (len=538) "## Result\n|             | base name           | target name | diff                | threshold |\n|-------------|------------------------------|----------------------|---------------------|----------------|\n| my name |  0.00 | 2.00  |  :green_square: 2.00 (200.00%) | 5% |\n\n\n\n<details>\n  <summary>Details</summary>\n\n\n| Name     | Description | Query for base name   | Query for target name |\n|----------|-------------|----------------------|----------------------|\n| my name | my description | `query_base` | `query_target`  |\n\n\n</details>\n"
'''
"tablereport diff smaller than threshold should generate a report correctly" = '''
(string) (len=538) "## Result\n|             | base name           | target name | diff                | threshold |\n|-------------|------------------------------|----------------------|---------------------|----------------|\n| my name |  2.00 | 0.00  |  :red_square: -2.00 (-200.00%) | 5% |\n\n\n\n<details>\n  <summary>Details</summary>\n\n\n| Name     | Description | Query for base name   | Query for target name |\n|----------|-------------|----------------------|----------------------|\n| my name | my description | `query_base` | `query_target`  |\n\n\n</details>\n"
'''
"tablereport diff within threshold should generate a report correctly" = '''
(string) (len=521) "## Result\n|             | base name           | target name | diff                | threshold |\n|-------------|------------------------------|----------------------|---------------------|----------------|\n| my name |  1.00 | 1.00  |  0.00 (0.00%) | 5% |\n\n\n\n<details>\n  <summary>Details</summary>\n\n\n| Name     | Description | Query for base name   | Query for target name |\n|----------|-------------|----------------------|----------------------|\n| my name | my description | `query_base` | `query_target`  |\n\n\n</details>\n"
'''
