python;server.py <module>;app.py Flask.run;serving.py run_simple;serving.py BaseWSGIServer.serve_forever;socketserver.py BaseWSGIServer.serve_forever;socketserver.py BaseWSGIServer._handle_request_noblock;socketserver.py BaseWSGIServer.process_request;socketserver.py BaseWSGIServer.finish_request;socketserver.py WSGIRequestHandler.__init__;serving.py WSGIRequestHandler.handle;server.py WSGIRequestHandler.handle;server.py WSGIRequestHandler.handle_one_request;serving.py NullCls.run_wsgi;serving.py execute;app.py Flask.__call__;app.py Flask.wsgi_app;app.py Flask.full_dispatch_request;app.py Flask.dispatch_request;server.py bike;bike.py order_bike;utility.py find_nearest_vehicle
python;server.py <module>;app.py Flask.run;serving.py run_simple;serving.py BaseWSGIServer.serve_forever;socketserver.py BaseWSGIServer.serve_forever;socketserver.py BaseWSGIServer._handle_request_noblock;socketserver.py BaseWSGIServer.process_request;socketserver.py BaseWSGIServer.finish_request;socketserver.py WSGIRequestHandler.__init__;serving.py WSGIRequestHandler.handle;server.py WSGIRequestHandler.handle;server.py WSGIRequestHandler.handle_one_request;serving.py NullCls.run_wsgi;serving.py execute;app.py Flask.__call__;app.py Flask.wsgi_app;app.py Flask.full_dispatch_request;app.py Flask.dispatch_request;server.py car;car.py order_car;utility.py find_nearest_vehicle
python;server.py <module>;app.py Flask.run;serving.py run_simple;serving.py BaseWSGIServer.serve_forever;socketserver.py BaseWSGIServer.serve_forever;socketserver.py BaseWSGIServer._handle_request_noblock;socketserver.py BaseWSGIServer.process_request;socketserver.py BaseWSGIServer.finish_request;socketserver.py WSGIRequestHandler.__init__;serving.py WSGIRequestHandler.handle;server.py WSGIRequestHandler.handle;server.py WSGIRequestHandler.handle_one_request;serving.py NullCls.run_wsgi;serving.py execute;app.py Flask.__call__;app.py Flask.wsgi_app;app.py Flask.full_dispatch_request;app.py Flask.dispatch_request;server.py car;car.py order_car;utility.py find_nearest_vehicle;utility.py check_driver_availability
python;server.py <module>;app.py Flask.run;serving.py run_simple;serving.py BaseWSGIServer.serve_forever;socketserver.py BaseWSGIServer.serve_forever;socketserver.py BaseWSGIServer._handle_request_noblock;socketserver.py BaseWSGIServer.process_request;socketserver.py BaseWSGIServer.finish_request;socketserver.py WSGIRequestHandler.__init__;serving.py WSGIRequestHandler.handle;server.py WSGIRequestHandler.handle;server.py WSGIRequestHandler.handle_one_request;serving.py NullCls.run_wsgi;serving.py execute;app.py Flask.__call__;app.py Flask.wsgi_app;app.py Flask.full_dispatch_request;app.py Flask.dispatch_request;server.py scooter;scooter.py order_scooter;utility.py find_nearest_vehicle